// Jest Snapshot v1, https://goo.gl/fbAQLP

exports[`should support useTypeImports 1`] = `
"import type { Avatar, User, Partial, WithAvatar, CamelCaseThing, PrefixedResponse, AbcType, ListType, UpdateUserInput, Mutation, Query, AbcStatus, Status, PrefixedEnum } from './types/graphql';

export const anAvatar = (overrides?: Partial<Avatar>): Avatar => {
    return {
        id: overrides && overrides.hasOwnProperty('id') ? overrides.id! : '15f9c394-c8fc-46bc-a882-b3b853f28c03',
        url: overrides && overrides.hasOwnProperty('url') ? overrides.url! : 'consectetur',
    };
};

export const aUser = (overrides?: Partial<User>): User => {
    return {
        id: overrides && overrides.hasOwnProperty('id') ? overrides.id! : 'b7605a2a-ad1e-4667-801e-5e47e5de933b',
        creationDate: overrides && overrides.hasOwnProperty('creationDate') ? overrides.creationDate! : '2021-07-07T09:30:34.236Z',
        login: overrides && overrides.hasOwnProperty('login') ? overrides.login! : 'sordeo',
        avatar: overrides && overrides.hasOwnProperty('avatar') ? overrides.avatar! : anAvatar(),
        status: overrides && overrides.hasOwnProperty('status') ? overrides.status! : Status.Online,
        customStatus: overrides && overrides.hasOwnProperty('customStatus') ? overrides.customStatus! : AbcStatus.HasXyzStatus,
        scalarValue: overrides && overrides.hasOwnProperty('scalarValue') ? overrides.scalarValue! : 'arx',
        camelCaseThing: overrides && overrides.hasOwnProperty('camelCaseThing') ? overrides.camelCaseThing! : aCamelCaseThing(),
        unionThing: overrides && overrides.hasOwnProperty('unionThing') ? overrides.unionThing! : anAvatar(),
        prefixedEnum: overrides && overrides.hasOwnProperty('prefixedEnum') ? overrides.prefixedEnum! : PrefixedEnum.PrefixedValue,
    };
};

export const aPartial = (overrides?: Partial<Partial>): Partial => {
    return {
        id: overrides && overrides.hasOwnProperty('id') ? overrides.id! : '2286b7cf-0204-44f1-bc80-c295b5723a4b',
    };
};

export const aWithAvatar = (overrides?: Partial<WithAvatar>): WithAvatar => {
    return {
        id: overrides && overrides.hasOwnProperty('id') ? overrides.id! : '9f1e2e6d-2047-44ac-ac43-58f18eff5255',
        avatar: overrides && overrides.hasOwnProperty('avatar') ? overrides.avatar! : anAvatar(),
    };
};

export const aCamelCaseThing = (overrides?: Partial<CamelCaseThing>): CamelCaseThing => {
    return {
        id: overrides && overrides.hasOwnProperty('id') ? overrides.id! : '259f1f94-0fee-4e7d-8280-96dd5d8d9177',
    };
};

export const aPrefixedResponse = (overrides?: Partial<PrefixedResponse>): PrefixedResponse => {
    return {
        ping: overrides && overrides.hasOwnProperty('ping') ? overrides.ping! : 'nam',
    };
};

export const anAbcType = (overrides?: Partial<AbcType>): AbcType => {
    return {
        abc: overrides && overrides.hasOwnProperty('abc') ? overrides.abc! : 'accommodo',
    };
};

export const aListType = (overrides?: Partial<ListType>): ListType => {
    return {
        stringList: overrides && overrides.hasOwnProperty('stringList') ? overrides.stringList! : ['accusator'],
        nullableStringList: overrides && overrides.hasOwnProperty('nullableStringList') ? overrides.nullableStringList! : ['tricesimus'],
    };
};

export const anUpdateUserInput = (overrides?: Partial<UpdateUserInput>): UpdateUserInput => {
    return {
        id: overrides && overrides.hasOwnProperty('id') ? overrides.id! : '0696d260-ef45-407d-ac64-e375cbd7e441',
        login: overrides && overrides.hasOwnProperty('login') ? overrides.login! : 'apud',
        avatar: overrides && overrides.hasOwnProperty('avatar') ? overrides.avatar! : anAvatar(),
    };
};

export const aMutation = (overrides?: Partial<Mutation>): Mutation => {
    return {
        updateUser: overrides && overrides.hasOwnProperty('updateUser') ? overrides.updateUser! : aUser(),
    };
};

export const aQuery = (overrides?: Partial<Query>): Query => {
    return {
        user: overrides && overrides.hasOwnProperty('user') ? overrides.user! : aUser(),
        prefixed_query: overrides && overrides.hasOwnProperty('prefixed_query') ? overrides.prefixed_query! : aPrefixedResponse(),
    };
};
"
`;
