// Jest Snapshot v1, https://goo.gl/fbAQLP

exports[`should generate dynamic values when dynamicValues is true 1`] = `
Object {
  "id": "89bd9d8d-69a6-474e-80f4-67cc8796ed15",
  "obj": Object {
    "bool": false,
    "flt": 3.7,
    "int": 202,
  },
  "str": "socius",
}
`;

exports[`should generate dynamic values when dynamicValues is true 2`] = `
Object {
  "id": "fc2ddf7c-c78c-4a1b-8a92-8fc816742cb7",
  "obj": Object {
    "bool": true,
    "flt": 0.1,
    "int": 1352,
  },
  "str": "minus",
}
`;
