// Jest Snapshot v1, https://goo.gl/fbAQLP

exports[`should generate dynamic values when dynamicValues is true 1`] = `
Object {
  "id": "8b986a7e-f6c8-49e1-910d-cdfc7c1a2f86",
  "obj": Object {
    "bool": true,
    "flt": 5.7,
    "int": 4561,
  },
  "str": "teres",
}
`;

exports[`should generate dynamic values when dynamicValues is true 2`] = `
Object {
  "id": "999fa56b-0aa3-4255-997f-132a47321a23",
  "obj": Object {
    "bool": true,
    "flt": 8.4,
    "int": 971,
  },
  "str": "trado",
}
`;
